i love you mylove
123456
new edit firstly
new edit secondly
new edit thirdly by dev branch
